
> frontend@0.0.0 build
> tsc -b && vite build

src/App.tsx(1,1): error TS6133: 'React' is declared but its value is never read.
src/components/TopBar.tsx(3,20): error TS1484: 'SimulationState' is a type and must be imported using a type-only import when 'verbatimModuleSyntax' is enabled.
src/components/TopBar.tsx(3,20): error TS6133: 'SimulationState' is declared but its value is never read.
src/pages/ClaimManager.tsx(2,20): error TS1484: 'WorkerInfo' is a type and must be imported using a type-only import when 'verbatimModuleSyntax' is enabled.
src/pages/ClaimManager.tsx(2,32): error TS1484: 'RiskLevel' is a type and must be imported using a type-only import when 'verbatimModuleSyntax' is enabled.
src/pages/ClaimManager.tsx(2,32): error TS6133: 'RiskLevel' is declared but its value is never read.
src/pages/ClaimManager.tsx(3,49): error TS6133: 'HelpCircle' is declared but its value is never read.
src/pages/ClaimManager.tsx(3,70): error TS6133: 'Zap' is declared but its value is never read.
src/pages/Dashboard.tsx(3,10): error TS6133: 'LineChart' is declared but its value is never read.
src/pages/Dashboard.tsx(3,21): error TS6133: 'Line' is declared but its value is never read.
src/pages/FraudRiskMap.tsx(5,75): error TS6133: 'TrendingDown' is declared but its value is never read.
